// Jest Snapshot v1, https://goo.gl/fbAQLP

exports[`Probando el componente <GifGrid /> Debe de cargar el componente 1`] = `
<Fragment>
  <h3
    className="animate__animated animate__fadeIn"
  >
     
    cats
     
  </h3>
  <p
    className="animate__animated animate__flash"
  >
    Loading
  </p>
  <div
    className="card-grid"
  />
</Fragment>
`;

exports[`Probando el componente <GifGrid /> Debe de mostrar items cuando se cargan im√°genes con useFetchGifs 1`] = `
<Fragment>
  <h3
    className="animate__animated animate__fadeIn"
  >
     
    cats
     
  </h3>
  <div
    className="card-grid"
  >
    <GifGridItem
      id="ABC"
      key="ABC"
      title="Cualquier cosa"
      url="https://localhost/cualquier-cosa.jpg"
    />
    <GifGridItem
      id="123"
      key="123"
      title="Cualquier cosa"
      url="https://localhost/cualquier-cosa.jpg"
    />
  </div>
</Fragment>
`;
